expected SEMANTIC ERR: line 3
expected SEMANTIC ERR: line 9
