expected SEMANTIC ERR: line 5
expected SEMANTIC ERR: line 10
